---
source: src/codegen/tests/code_gen_tests.rs
assertion_line: 697
expression: result

---
; ModuleID = 'main'
source_filename = "main"

%prg_interface = type { i32, i8 }

@prg_instance = global %prg_interface zeroinitializer

define void @prg(%prg_interface* %0) {
entry:
  %z = getelementptr inbounds %prg_interface, %prg_interface* %0, i32 0, i32 0
  %y = getelementptr inbounds %prg_interface, %prg_interface* %0, i32 0, i32 1
  %load_y = load i8, i8* %y, align 1
  %1 = zext i8 %load_y to i32
  %2 = icmp ne i32 %1, 0
  br i1 %2, label %3, label %5

3:                                                ; preds = %entry
  %load_z = load i32, i32* %z, align 4
  %tmpVar = icmp sge i32 %load_z, 5
  %4 = zext i1 %tmpVar to i32
  br label %5

5:                                                ; preds = %3, %entry
  %6 = phi i32 [ %1, %entry ], [ %4, %3 ]
  %load_z1 = load i32, i32* %z, align 4
  %tmpVar2 = icmp sle i32 %load_z1, 6
  %7 = icmp ne i1 %tmpVar2, false
  %tmpVar3 = xor i1 %7, true
  %8 = zext i1 %tmpVar3 to i32
  %9 = icmp ne i32 %8, 0
  br i1 %9, label %12, label %10

10:                                               ; preds = %5
  %load_y4 = load i8, i8* %y, align 1
  %11 = zext i8 %load_y4 to i32
  br label %12

12:                                               ; preds = %10, %5
  %13 = phi i32 [ %8, %5 ], [ %11, %10 ]
  ret void
}

